local name = "multiple_armv6"
local version = "1.0.1"

food = {
    name = name,
    description = "A run pipe test fish food and FOO=foo_is_bar",
    license = "",
    homepage = "https://github.com/goreleaser",
    version = version,
    packages = {
        {
            os = "darwin",
            arch = "amd64",
            url = "https://dummyhost/download/v1.0.1/bin.tar.gz",
            sha256 = "e3b0c44298fc1c149afbf4c8996fb92427ae41e4649b934ca495991b7852b855",
            resources = {
                {
                    path = "foo",
                    installpath = "bin/foo",
                    executable = true
                },
            }
        },
        {
            os = "linux",
            arch = "arm64",
            url = "https://dummyhost/download/v1.0.1/arm64.tar.gz",
            sha256 = "e3b0c44298fc1c149afbf4c8996fb92427ae41e4649b934ca495991b7852b855",
            resources = {
                {
                    path = "foo",
                    installpath = "bin/foo",
                    executable = true
                },
            }
        },
        {
            os = "linux",
            arch = "arm",
            url = "https://dummyhost/download/v1.0.1/armv6.tar.gz",
            sha256 = "e3b0c44298fc1c149afbf4c8996fb92427ae41e4649b934ca495991b7852b855",
            resources = {
                {
                    path = "foo",
                    installpath = "bin/foo",
                    executable = true
                },
            }
        },
    }
}
