pkgbase = simple-quote-inside-description
	pkgdesc = Let's go
	pkgver = 1.0.1
	pkgrel = 1
	arch = aarch64
	arch = x86_64
	license = MIT
	makedepends = go
	makedepends = git
	conflicts = simple-quote-inside-description
	provides = simple-quote-inside-description
	
	source = https://dummyhost/download/v1.0.1-foo/sources.tar.gz
	sha256sums = e3b0c44298fc1c149afbf4c8996fb92427ae41e4649b934ca495991b7852b855
	
pkgname = simple-quote-inside-description
