pkgbase = default-gitlab-bin
	pkgdesc = A run pipe test fish food and FOO=foo_is_bar
	pkgver = 1.0.1
	pkgrel = 1
	url = https://gitlab.com/goreleaser
	license = MIT
	conflicts = default-gitlab
	provides = default-gitlab
	arch = x86_64
	source_x86_64 = https://dummyhost/download/v1.0.1-foo/bin.tar.gz
	sha256sums_x86_64 = e3b0c44298fc1c149afbf4c8996fb92427ae41e4649b934ca495991b7852b855
	
pkgname = default-gitlab-bin
