## Changelog
### Features
* [cafebabe]: feat: commit #2 (@Carlos)
* [cafebabe]: feat: commit #4 (@Carlos)
* [cafebabe]: feat: commit #6 (@Carlos)
* [cafebabe]: feat: commit #8 (@Carlos)
* [cafebabe]: feat: commit #12 (@Carlos)
* [cafebabe]: feat: commit #16 (@Carlos)
* [cafebabe]: feat: commit #18 (@Carlos)
### Fixes
* [cafebabe]: fix: commit #1 (@Carlos)
* [cafebabe]: fix: commit #3 (@Carlos)
* [cafebabe]: fix: commit #9 (@Carlos)
* [cafebabe]: fix: commit #11 (@Carlos)
* [cafebabe]: fix: commit #13 (@Carlos)
* [cafebabe]: fix: commit #17 (@Carlos)
* [cafebabe]: fix: commit #19 (@Carlos)