## Changelog
### Features
* caf: feat: commit #2 (@caarlos0, @github-actions, and @charmcrush)
* caf: feat: commit #4 (@caarlos0, @github-actions, and @charmcrush)
* caf: feat: commit #6 (@caarlos0, @github-actions, and @charmcrush)
* caf: feat: commit #8 (@caarlos0, @github-actions, and @charmcrush)
* caf: feat: commit #12 (@caarlos0, @github-actions, and @charmcrush)
* caf: feat: commit #16 (@caarlos0, @github-actions, and @charmcrush)
* caf: feat: commit #18 (@caarlos0, @github-actions, and @charmcrush)
### Fixes
* caf: fix: commit #1 (@caarlos0, @github-actions, and @charmcrush)
* caf: fix: commit #3 (@caarlos0, @github-actions, and @charmcrush)
* caf: fix: commit #9 (@caarlos0, @github-actions, and @charmcrush)
* caf: fix: commit #11 (@caarlos0, @github-actions, and @charmcrush)
* caf: fix: commit #13 (@caarlos0, @github-actions, and @charmcrush)
* caf: fix: commit #17 (@caarlos0, @github-actions, and @charmcrush)
* caf: fix: commit #19 (@caarlos0, @github-actions, and @charmcrush)